// Jest Snapshot v1, https://goo.gl/fbAQLP

exports[`Should render add expense page 1`] = `
<div>
  <h2>
    This is from my add Expense component
  </h2>
  <ExpenseForm
    onSubmit={[Function]}
  />
</div>
`;
