// Jest Snapshot v1, https://goo.gl/fbAQLP

exports[`Should render Header correctly 1`] = `
<header>
  <h1>
    Expensify
  </h1>
  <ul>
    <li>
      <NavLink
        activeClassName="is-active"
        to="/dashboard"
      >
        Home
      </NavLink>
    </li>
    <li>
      <NavLink
        activeClassName="is-active"
        to="/create"
      >
        Create Expense
      </NavLink>
    </li>
    <li>
      <button
        onClick={[Function]}
      >
        logout
      </button>
    </li>
  </ul>
</header>
`;
