// Jest Snapshot v1, https://goo.gl/fbAQLP

exports[`Should render login page 1`] = `
<div>
  <h2>
    Login Page
  </h2>
  <button
    onClick={[Function]}
  >
    Login
  </button>
</div>
`;
